<?xml version="1.0" encoding="UTF-8"?>
<testsuites name="jest tests" tests="50" failures="0" errors="0" time="1.297">
  <testsuite name="computeSvgPadding" errors="0" failures="0" skipped="0" timestamp="2026-07-21T19:56:33" time="0.809" tests="50">
    <testcase classname="computeSvgPadding should return padding ratios for SVG with viewBox padding" name="computeSvgPadding should return padding ratios for SVG with viewBox padding" time="0.006">
    </testcase>
    <testcase classname="computeSvgPadding should return null for SVG with no meaningful padding" name="computeSvgPadding should return null for SVG with no meaningful padding" time="0.002">
    </testcase>
    <testcase classname="computeSvgPadding should return null for SVG without viewBox" name="computeSvgPadding should return null for SVG without viewBox" time="0.001">
    </testcase>
    <testcase classname="computeSvgPadding should return null for non-SVG input" name="computeSvgPadding should return null for non-SVG input" time="0.001">
    </testcase>
    <testcase classname="computeSvgPadding should clamp negative ratios to zero" name="computeSvgPadding should clamp negative ratios to zero" time="0.002">
    </testcase>
    <testcase classname="computeSvgPadding should clean up temporary DOM element" name="computeSvgPadding should clean up temporary DOM element" time="0">
    </testcase>
    <testcase classname="applyLogo should clear existing content" name="applyLogo should clear existing content" time="0.003">
    </testcase>
    <testcase classname="applyLogo should add jp-MainLogo-custom class" name="applyLogo should add jp-MainLogo-custom class" time="0.001">
    </testcase>
    <testcase classname="applyLogo SVG content should create img element with data URI for SVG content" name="applyLogo SVG content should create img element with data URI for SVG content" time="0.003">
    </testcase>
    <testcase classname="applyLogo SVG content should set alt text on SVG img" name="applyLogo SVG content should set alt text on SVG img" time="0.001">
    </testcase>
    <testcase classname="applyLogo SVG content should apply padding style when SVG has viewBox padding" name="applyLogo SVG content should apply padding style when SVG has viewBox padding" time="0.002">
    </testcase>
    <testcase classname="applyLogo SVG content should not apply padding when SVG has no viewBox padding" name="applyLogo SVG content should not apply padding when SVG has no viewBox padding" time="0.001">
    </testcase>
    <testcase classname="applyLogo raster image content should create img element for non-SVG content" name="applyLogo raster image content should create img element for non-SVG content" time="0.001">
    </testcase>
    <testcase classname="applyLogo raster image content should set alt text on img" name="applyLogo raster image content should set alt text on img" time="0.001">
    </testcase>
    <testcase classname="applyLogo raster image content should not create SVG for raster content" name="applyLogo raster image content should not create SVG for raster content" time="0">
    </testcase>
    <testcase classname="applySystemName should create span with system name text" name="applySystemName should create span with system name text" time="0.002">
    </testcase>
    <testcase classname="applySystemName should be idempotent - second call replaces existing span" name="applySystemName should be idempotent - second call replaces existing span" time="0.001">
    </testcase>
    <testcase classname="applySystemName should not create span for empty name" name="applySystemName should not create span for empty name" time="0">
    </testcase>
    <testcase classname="applySystemName should remove existing span when called with empty name" name="applySystemName should remove existing span when called with empty name" time="0">
    </testcase>
    <testcase classname="applySystemName should apply inline color style when color is provided" name="applySystemName should apply inline color style when color is provided" time="0.001">
    </testcase>
    <testcase classname="applySystemName should not set inline color when color is empty" name="applySystemName should not set inline color when color is empty" time="0.001">
    </testcase>
    <testcase classname="applySystemName should not set inline color when color is omitted" name="applySystemName should not set inline color when color is omitted" time="0">
    </testcase>
    <testcase classname="applySystemName should add uppercase class when capitalize is true" name="applySystemName should add uppercase class when capitalize is true" time="0.001">
    </testcase>
    <testcase classname="applySystemName should not add uppercase class when capitalize is false" name="applySystemName should not add uppercase class when capitalize is false" time="0">
    </testcase>
    <testcase classname="applySystemName should not add uppercase class when capitalize is omitted" name="applySystemName should not add uppercase class when capitalize is omitted" time="0.001">
    </testcase>
    <testcase classname="applyStage should create span with the stage text" name="applyStage should create span with the stage text" time="0">
    </testcase>
    <testcase classname="applyStage should add the per-stage colour class for known stages" name="applyStage should add the per-stage colour class for known stages" time="0.001">
    </testcase>
    <testcase classname="applyStage should match known stages case-insensitively" name="applyStage should match known stages case-insensitively" time="0.001">
    </testcase>
    <testcase classname="applyStage should not add a colour class for unknown stages" name="applyStage should not add a colour class for unknown stages" time="0">
    </testcase>
    <testcase classname="applyStage should not add a colour class when colours are disabled" name="applyStage should not add a colour class when colours are disabled" time="0.001">
    </testcase>
    <testcase classname="applyStage should default to coloured when useColors is omitted" name="applyStage should default to coloured when useColors is omitted" time="0">
    </testcase>
    <testcase classname="applyStage should not create span for empty or whitespace stage" name="applyStage should not create span for empty or whitespace stage" time="0.001">
    </testcase>
    <testcase classname="applyStage should be idempotent - second call replaces existing badge" name="applyStage should be idempotent - second call replaces existing badge" time="0">
    </testcase>
    <testcase classname="applyStage should remove existing badge when called with empty stage" name="applyStage should remove existing badge when called with empty stage" time="0.001">
    </testcase>
    <testcase classname="applyStage should render alone when the system name is empty" name="applyStage should render alone when the system name is empty" time="0">
    </testcase>
    <testcase classname="applyStage should end up right of a system name that appears after it" name="applyStage should end up right of a system name that appears after it" time="0.001">
    </testcase>
    <testcase classname="applyStage should sit to the right of the system name across re-renders" name="applyStage should sit to the right of the system name across re-renders" time="0.001">
    </testcase>
    <testcase classname="applyHeader should place the stage badge right of the system name" name="applyHeader should place the stage badge right of the system name" time="0.001">
    </testcase>
    <testcase classname="applyHeader should keep that order across repeated renders" name="applyHeader should keep that order across repeated renders" time="0.01">
    </testcase>
    <testcase classname="applyHeader should render the badge alone when only a stage is configured" name="applyHeader should render the badge alone when only a stage is configured" time="0">
    </testcase>
    <testcase classname="applyHeader should render the name alone when no stage is configured" name="applyHeader should render the name alone when no stage is configured" time="0.001">
    </testcase>
    <testcase classname="applyHeader should colour the badge by default and honour the toggle" name="applyHeader should colour the badge by default and honour the toggle" time="0">
    </testcase>
    <testcase classname="applyHeader should pass colour and capitalize through to the system name" name="applyHeader should pass colour and capitalize through to the system name" time="0">
    </testcase>
    <testcase classname="applyHeader should render nothing when neither is configured" name="applyHeader should render nothing when neither is configured" time="0.001">
    </testcase>
    <testcase classname="applySplashLogo should inject a style element with the splash URL" name="applySplashLogo should inject a style element with the splash URL" time="0.001">
    </testcase>
    <testcase classname="applySplashLogo should target #main-logo with background sizing rules" name="applySplashLogo should target #main-logo with background sizing rules" time="0">
    </testcase>
    <testcase classname="applySplashLogo should hide the original inline SVG inside #main-logo" name="applySplashLogo should hide the original inline SVG inside #main-logo" time="0">
    </testcase>
    <testcase classname="applySplashLogo should be idempotent - second call replaces existing style" name="applySplashLogo should be idempotent - second call replaces existing style" time="0.001">
    </testcase>
    <testcase classname="applySplashLogo should not inject style for empty URL" name="applySplashLogo should not inject style for empty URL" time="0">
    </testcase>
    <testcase classname="applySplashLogo should remove existing style when called with empty URL" name="applySplashLogo should remove existing style when called with empty URL" time="0">
    </testcase>
  </testsuite>
</testsuites>